
Auditoria v6 — en/curso.html   (celular 390px, 3 temas)
1ª visita: trilha 2 controles · aula 3 controles

Aula 1: 10/10 APROVADA  · 227 palavras de prosa · 3 steps · frases >22: 0/26 · visuais reais 2 · cena 139 KB · 15 min

Aula 2: 10/10 APROVADA  · 218 palavras de prosa · 3 steps · frases >22: 0/25 · visuais reais 2 · cena 129 KB · 15 min

Aula 3: 10/10 APROVADA  · 219 palavras de prosa · 3 steps · frases >22: 0/22 · visuais reais 2 · cena 132 KB · 15 min

Aula 4: 10/10 APROVADA  · 210 palavras de prosa · 3 steps · frases >22: 0/23 · visuais reais 2 · cena 120 KB · 15 min

Aula 5: 10/10 APROVADA  · 197 palavras de prosa · 3 steps · frases >22: 0/21 · visuais reais 2 · cena 130 KB · 15 min

Aula 6: 10/10 APROVADA  · 198 palavras de prosa · 3 steps · frases >22: 0/20 · visuais reais 2 · cena 137 KB · 15 min

Aula 7: 10/10 APROVADA  · 222 palavras de prosa · 3 steps · frases >22: 0/26 · visuais reais 2 · cena 109 KB · 15 min

Aula 8: 10/10 APROVADA  · 202 palavras de prosa · 3 steps · frases >22: 0/19 · visuais reais 2 · cena 118 KB · 15 min

Aula 9: 10/10 APROVADA  · 173 palavras de prosa · 3 steps · frases >22: 0/19 · visuais reais 2 · cena 124 KB · 15 min

Aula 10: 10/10 APROVADA  · 213 palavras de prosa · 3 steps · frases >22: 0/23 · visuais reais 2 · cena 132 KB · 15 min

Aula 11: 10/10 APROVADA  · 199 palavras de prosa · 3 steps · frases >22: 0/24 · visuais reais 2 · cena 135 KB · 15 min

Aula 12: 10/10 APROVADA  · 211 palavras de prosa · 3 steps · frases >22: 0/20 · visuais reais 2 · cena 138 KB · 15 min

Aula 13: 10/10 APROVADA  · 209 palavras de prosa · 3 steps · frases >22: 0/20 · visuais reais 2 · cena 134 KB · 15 min

Aula 14: 10/10 APROVADA  · 202 palavras de prosa · 3 steps · frases >22: 0/22 · visuais reais 2 · cena 133 KB · 15 min

Aula 15: 10/10 APROVADA  · 197 palavras de prosa · 3 steps · frases >22: 0/20 · visuais reais 2 · cena 96 KB · 15 min

Aula 16: 10/10 APROVADA  · 182 palavras de prosa · 3 steps · frases >22: 0/20 · visuais reais 2 · cena 128 KB · 15 min

Aula 17: 10/10 APROVADA  · 174 palavras de prosa · 3 steps · frases >22: 0/18 · visuais reais 2 · cena 140 KB · 15 min

Aula 18: 10/10 APROVADA  · 196 palavras de prosa · 3 steps · frases >22: 0/19 · visuais reais 2 · cena 139 KB · 15 min

Média: 10.0/10 · aprovadas 18/18
Lembrete: o critério 1 é proxy — confirme com o leitor simulado (TESTE-HUMANO.md) antes de dar a aula por aprovada.
